Traceback (most recent call last):
  File "/Users/masashakra/Desktop/game/test_puzzle.py", line 17, in <module>
    from paradigms.round_table.orchestrator import RoundTableOrchestrator
  File "/Users/masashakra/Desktop/game/src/paradigms/round_table/__init__.py", line 3, in <module>
    from paradigms.round_table.agents import (
  File "/Users/masashakra/Desktop/game/src/paradigms/round_table/agents/__init__.py", line 5, in <module>
    from paradigms.round_table.agents.proposer import ProposerAgent, AGENT_CARD as PROPOSER_CARD
  File "/Users/masashakra/Desktop/game/src/paradigms/round_table/agents/proposer.py", line 61
    - Position 0: {colors that don't violate constraints}
                   ^^^^^^^^^^^
SyntaxError: invalid syntax. Perhaps you forgot a comma?
